interactions:
- request:
    body: null
    headers:
      Accept:
      - '*/*'
      Accept-Encoding:
      - gzip, deflate, br
      Authorization:
      - Bearer eyJhbGciOiJIUzI1NiIsInR5cCI6IkpXVCJ9.eyJpc3MiOiJ0ZXN0X2NsaWVudF9pZCIsImlhdCI6MTcyMTM4MDMzMCwiY2xpZW50X2lkIjoidGVzdF9jbGllbnRfaWQiLCJ1c2VyX2lkIjoiIiwidXNlcl9yZXByZXNlbnRhdGlvbiI6IiJ9.hwTglJOQWFg8kKGO_-lZUg5FBp17bCkbqh8nCbpVgV0
      Connection:
      - keep-alive
      User-Agent:
      - python-requests/2.32.2
    method: GET
    uri: http://localhost:8003/catalogi/api/v1/informatieobjecttypen/7a474713-0833-402a-8441-e467c08ac55b
  response:
    body:
      string: '{"url":"http://localhost:8003/catalogi/api/v1/informatieobjecttypen/7a474713-0833-402a-8441-e467c08ac55b","catalogus":"http://localhost:8003/catalogi/api/v1/catalogussen/bd58635c-793e-446d-a7e0-460d7b04829d","omschrijving":"PDF
        Informatieobjecttype","vertrouwelijkheidaanduiding":"openbaar","beginGeldigheid":"2024-03-19","eindeGeldigheid":"2024-07-10","concept":false,"besluittypen":[],"informatieobjectcategorie":"Test
        category","trefwoord":[],"omschrijvingGeneriek":{"informatieobjecttypeOmschrijvingGeneriek":"","definitieInformatieobjecttypeOmschrijvingGeneriek":"","herkomstInformatieobjecttypeOmschrijvingGeneriek":"","hierarchieInformatieobjecttypeOmschrijvingGeneriek":"","opmerkingInformatieobjecttypeOmschrijvingGeneriek":""},"zaaktypen":[],"beginObject":"2024-03-19","eindeObject":null}'
    headers:
      API-version:
      - 1.3.1
      Allow:
      - GET, PUT, PATCH, DELETE, HEAD, OPTIONS
      Content-Length:
      - '798'
      Content-Type:
      - application/json
      Cross-Origin-Opener-Policy:
      - same-origin
      ETag:
      - '"bfa6b74c27efa9845576bf1d54281820"'
      Referrer-Policy:
      - same-origin
      Vary:
      - Accept, origin
      X-Content-Type-Options:
      - nosniff
      X-Frame-Options:
      - DENY
    status:
      code: 200
      message: OK
- request:
    body: null
    headers:
      Accept:
      - '*/*'
      Accept-Encoding:
      - gzip, deflate, br
      Authorization:
      - Bearer eyJhbGciOiJIUzI1NiIsInR5cCI6IkpXVCJ9.eyJpc3MiOiJ0ZXN0X2NsaWVudF9pZCIsImlhdCI6MTcyMTM4MDMzMCwiY2xpZW50X2lkIjoidGVzdF9jbGllbnRfaWQiLCJ1c2VyX2lkIjoiIiwidXNlcl9yZXByZXNlbnRhdGlvbiI6IiJ9.hwTglJOQWFg8kKGO_-lZUg5FBp17bCkbqh8nCbpVgV0
      Connection:
      - keep-alive
      User-Agent:
      - python-requests/2.32.2
    method: GET
    uri: http://localhost:8003/catalogi/api/v1/catalogussen/bd58635c-793e-446d-a7e0-460d7b04829d
  response:
    body:
      string: '{"url":"http://localhost:8003/catalogi/api/v1/catalogussen/bd58635c-793e-446d-a7e0-460d7b04829d","domein":"TEST","rsin":"000000000","contactpersoonBeheerNaam":"Test
        name","contactpersoonBeheerTelefoonnummer":"","contactpersoonBeheerEmailadres":"","zaaktypen":["http://localhost:8003/catalogi/api/v1/zaaktypen/1f41885e-23fc-4462-bbc8-80be4ae484dc"],"besluittypen":[],"informatieobjecttypen":["http://localhost:8003/catalogi/api/v1/informatieobjecttypen/7a474713-0833-402a-8441-e467c08ac55b","http://localhost:8003/catalogi/api/v1/informatieobjecttypen/b2d83b94-9b9b-4e80-a82f-73ff993c62f3","http://localhost:8003/catalogi/api/v1/informatieobjecttypen/531f6c1a-97f7-478c-85f0-67d2f23661c7","http://localhost:8003/catalogi/api/v1/informatieobjecttypen/29b63e5c-3835-4f68-8fad-f2aea9ae6b71"],"naam":"Test
        catalog","versie":"","begindatumVersie":null}'
    headers:
      API-version:
      - 1.3.1
      Allow:
      - GET, HEAD, OPTIONS
      Content-Length:
      - '846'
      Content-Type:
      - application/json
      Cross-Origin-Opener-Policy:
      - same-origin
      ETag:
      - '"3b954569daa5871216ebb13dbf11eb9e"'
      Referrer-Policy:
      - same-origin
      Vary:
      - Accept, origin
      X-Content-Type-Options:
      - nosniff
      X-Frame-Options:
      - DENY
    status:
      code: 200
      message: OK
- request:
    body: null
    headers:
      Accept:
      - '*/*'
      Accept-Encoding:
      - gzip, deflate, br
      Authorization:
      - Bearer eyJhbGciOiJIUzI1NiIsInR5cCI6IkpXVCJ9.eyJpc3MiOiJ0ZXN0X2NsaWVudF9pZCIsImlhdCI6MTcyMTM4MDMzMCwiY2xpZW50X2lkIjoidGVzdF9jbGllbnRfaWQiLCJ1c2VyX2lkIjoiIiwidXNlcl9yZXByZXNlbnRhdGlvbiI6IiJ9.hwTglJOQWFg8kKGO_-lZUg5FBp17bCkbqh8nCbpVgV0
      Connection:
      - keep-alive
      User-Agent:
      - python-requests/2.32.2
    method: GET
    uri: http://localhost:8003/catalogi/api/v1/informatieobjecttypen/b2d83b94-9b9b-4e80-a82f-73ff993c62f3
  response:
    body:
      string: '{"url":"http://localhost:8003/catalogi/api/v1/informatieobjecttypen/b2d83b94-9b9b-4e80-a82f-73ff993c62f3","catalogus":"http://localhost:8003/catalogi/api/v1/catalogussen/bd58635c-793e-446d-a7e0-460d7b04829d","omschrijving":"CSV
        Informatieobjecttype","vertrouwelijkheidaanduiding":"openbaar","beginGeldigheid":"2024-03-19","eindeGeldigheid":null,"concept":false,"besluittypen":[],"informatieobjectcategorie":"Test
        category","trefwoord":[],"omschrijvingGeneriek":{"informatieobjecttypeOmschrijvingGeneriek":"","definitieInformatieobjecttypeOmschrijvingGeneriek":"","herkomstInformatieobjecttypeOmschrijvingGeneriek":"","hierarchieInformatieobjecttypeOmschrijvingGeneriek":"","opmerkingInformatieobjecttypeOmschrijvingGeneriek":""},"zaaktypen":[],"beginObject":"2024-03-19","eindeObject":null}'
    headers:
      API-version:
      - 1.3.1
      Allow:
      - GET, PUT, PATCH, DELETE, HEAD, OPTIONS
      Content-Length:
      - '790'
      Content-Type:
      - application/json
      Cross-Origin-Opener-Policy:
      - same-origin
      ETag:
      - '"89d53439caa01c2f00ab822679e80c7b"'
      Referrer-Policy:
      - same-origin
      Vary:
      - Accept, origin
      X-Content-Type-Options:
      - nosniff
      X-Frame-Options:
      - DENY
    status:
      code: 200
      message: OK
- request:
    body: null
    headers:
      Accept:
      - '*/*'
      Accept-Encoding:
      - gzip, deflate, br
      Authorization:
      - Bearer eyJhbGciOiJIUzI1NiIsInR5cCI6IkpXVCJ9.eyJpc3MiOiJ0ZXN0X2NsaWVudF9pZCIsImlhdCI6MTcyMTM4MDMzMCwiY2xpZW50X2lkIjoidGVzdF9jbGllbnRfaWQiLCJ1c2VyX2lkIjoiIiwidXNlcl9yZXByZXNlbnRhdGlvbiI6IiJ9.hwTglJOQWFg8kKGO_-lZUg5FBp17bCkbqh8nCbpVgV0
      Connection:
      - keep-alive
      User-Agent:
      - python-requests/2.32.2
    method: GET
    uri: http://localhost:8003/catalogi/api/v1/catalogussen/bd58635c-793e-446d-a7e0-460d7b04829d
  response:
    body:
      string: '{"url":"http://localhost:8003/catalogi/api/v1/catalogussen/bd58635c-793e-446d-a7e0-460d7b04829d","domein":"TEST","rsin":"000000000","contactpersoonBeheerNaam":"Test
        name","contactpersoonBeheerTelefoonnummer":"","contactpersoonBeheerEmailadres":"","zaaktypen":["http://localhost:8003/catalogi/api/v1/zaaktypen/1f41885e-23fc-4462-bbc8-80be4ae484dc"],"besluittypen":[],"informatieobjecttypen":["http://localhost:8003/catalogi/api/v1/informatieobjecttypen/7a474713-0833-402a-8441-e467c08ac55b","http://localhost:8003/catalogi/api/v1/informatieobjecttypen/b2d83b94-9b9b-4e80-a82f-73ff993c62f3","http://localhost:8003/catalogi/api/v1/informatieobjecttypen/531f6c1a-97f7-478c-85f0-67d2f23661c7","http://localhost:8003/catalogi/api/v1/informatieobjecttypen/29b63e5c-3835-4f68-8fad-f2aea9ae6b71"],"naam":"Test
        catalog","versie":"","begindatumVersie":null}'
    headers:
      API-version:
      - 1.3.1
      Allow:
      - GET, HEAD, OPTIONS
      Content-Length:
      - '846'
      Content-Type:
      - application/json
      Cross-Origin-Opener-Policy:
      - same-origin
      ETag:
      - '"3b954569daa5871216ebb13dbf11eb9e"'
      Referrer-Policy:
      - same-origin
      Vary:
      - Accept, origin
      X-Content-Type-Options:
      - nosniff
      X-Frame-Options:
      - DENY
    status:
      code: 200
      message: OK
- request:
    body: null
    headers:
      Accept:
      - '*/*'
      Accept-Encoding:
      - gzip, deflate, br
      Authorization:
      - Bearer eyJhbGciOiJIUzI1NiIsInR5cCI6IkpXVCJ9.eyJpc3MiOiJ0ZXN0X2NsaWVudF9pZCIsImlhdCI6MTcyMTM4MDMzMCwiY2xpZW50X2lkIjoidGVzdF9jbGllbnRfaWQiLCJ1c2VyX2lkIjoiIiwidXNlcl9yZXByZXNlbnRhdGlvbiI6IiJ9.hwTglJOQWFg8kKGO_-lZUg5FBp17bCkbqh8nCbpVgV0
      Connection:
      - keep-alive
      User-Agent:
      - python-requests/2.32.2
    method: GET
    uri: http://localhost:8003/catalogi/api/v1/informatieobjecttypen/531f6c1a-97f7-478c-85f0-67d2f23661c7
  response:
    body:
      string: '{"url":"http://localhost:8003/catalogi/api/v1/informatieobjecttypen/531f6c1a-97f7-478c-85f0-67d2f23661c7","catalogus":"http://localhost:8003/catalogi/api/v1/catalogussen/bd58635c-793e-446d-a7e0-460d7b04829d","omschrijving":"Attachment
        Informatieobjecttype","vertrouwelijkheidaanduiding":"openbaar","beginGeldigheid":"2024-03-19","eindeGeldigheid":"2024-07-10","concept":false,"besluittypen":[],"informatieobjectcategorie":"Test
        category","trefwoord":[],"omschrijvingGeneriek":{"informatieobjecttypeOmschrijvingGeneriek":"","definitieInformatieobjecttypeOmschrijvingGeneriek":"","herkomstInformatieobjecttypeOmschrijvingGeneriek":"","hierarchieInformatieobjecttypeOmschrijvingGeneriek":"","opmerkingInformatieobjecttypeOmschrijvingGeneriek":""},"zaaktypen":["http://localhost:8003/catalogi/api/v1/zaaktypen/1f41885e-23fc-4462-bbc8-80be4ae484dc"],"beginObject":"2024-03-19","eindeObject":"2024-07-10"}'
    headers:
      API-version:
      - 1.3.1
      Allow:
      - GET, PUT, PATCH, DELETE, HEAD, OPTIONS
      Content-Length:
      - '899'
      Content-Type:
      - application/json
      Cross-Origin-Opener-Policy:
      - same-origin
      ETag:
      - '"cf350f1b55d7eb0ccd17cceb88c1c6c8"'
      Referrer-Policy:
      - same-origin
      Vary:
      - Accept, origin
      X-Content-Type-Options:
      - nosniff
      X-Frame-Options:
      - DENY
    status:
      code: 200
      message: OK
- request:
    body: null
    headers:
      Accept:
      - '*/*'
      Accept-Encoding:
      - gzip, deflate, br
      Authorization:
      - Bearer eyJhbGciOiJIUzI1NiIsInR5cCI6IkpXVCJ9.eyJpc3MiOiJ0ZXN0X2NsaWVudF9pZCIsImlhdCI6MTcyMTM4MDMzMCwiY2xpZW50X2lkIjoidGVzdF9jbGllbnRfaWQiLCJ1c2VyX2lkIjoiIiwidXNlcl9yZXByZXNlbnRhdGlvbiI6IiJ9.hwTglJOQWFg8kKGO_-lZUg5FBp17bCkbqh8nCbpVgV0
      Connection:
      - keep-alive
      User-Agent:
      - python-requests/2.32.2
    method: GET
    uri: http://localhost:8003/catalogi/api/v1/catalogussen/bd58635c-793e-446d-a7e0-460d7b04829d
  response:
    body:
      string: '{"url":"http://localhost:8003/catalogi/api/v1/catalogussen/bd58635c-793e-446d-a7e0-460d7b04829d","domein":"TEST","rsin":"000000000","contactpersoonBeheerNaam":"Test
        name","contactpersoonBeheerTelefoonnummer":"","contactpersoonBeheerEmailadres":"","zaaktypen":["http://localhost:8003/catalogi/api/v1/zaaktypen/1f41885e-23fc-4462-bbc8-80be4ae484dc"],"besluittypen":[],"informatieobjecttypen":["http://localhost:8003/catalogi/api/v1/informatieobjecttypen/7a474713-0833-402a-8441-e467c08ac55b","http://localhost:8003/catalogi/api/v1/informatieobjecttypen/b2d83b94-9b9b-4e80-a82f-73ff993c62f3","http://localhost:8003/catalogi/api/v1/informatieobjecttypen/531f6c1a-97f7-478c-85f0-67d2f23661c7","http://localhost:8003/catalogi/api/v1/informatieobjecttypen/29b63e5c-3835-4f68-8fad-f2aea9ae6b71"],"naam":"Test
        catalog","versie":"","begindatumVersie":null}'
    headers:
      API-version:
      - 1.3.1
      Allow:
      - GET, HEAD, OPTIONS
      Content-Length:
      - '846'
      Content-Type:
      - application/json
      Cross-Origin-Opener-Policy:
      - same-origin
      ETag:
      - '"3b954569daa5871216ebb13dbf11eb9e"'
      Referrer-Policy:
      - same-origin
      Vary:
      - Accept, origin
      X-Content-Type-Options:
      - nosniff
      X-Frame-Options:
      - DENY
    status:
      code: 200
      message: OK
version: 1
